
> careerpilot-salone@0.1.0 build
> next build

node.exe :  ΓÜá Warning: 
Next.js inferred your 
workspace root, but it may 
not be correct.
At line:1 char:1
+ & "C:\Program 
Files\nodejs/node.exe" 
"C:\Program 
Files\nodejs/node_mo ...
+ ~~~~~~~~~~~~~~~~~~~~~~~~~~~~
~~~~~~~~~~~~~~~~~~~~~~~~~~~~~~
~~~~~~~~~~~
    + CategoryInfo          : 
    NotSpecified: ( ΓÜá Warn  
  ing: N...not be correct.:   
 String) [], RemoteExcepti    
on
    + FullyQualifiedErrorId : 
    NativeCommandError
 
 We detected multiple 
lockfiles and selected the 
directory of C:\Users\User\pac
kage-lock.json as the root 
directory.
 To silence this warning, set 
`turbopack.root` in your 
Next.js config, or consider 
removing one of the lockfiles 
if it's not needed.
   See https://nextjs.org/docs
/app/api-reference/config/next
-config-js/turbopack#root-dire
ctory for more information.
 Detected additional 
lockfiles: 
   * C:\Users\User\.gemini\ant
igravity\scratch\CareerPilot-S
alone\package-lock.json

   Γû▓ Next.js 16.0.7 (Turbopack)
   - Environments: .env.local

   Creating an optimized production build ...
 Γ£ô Compiled successfully in 15.8s
   Running TypeScript ...
   Collecting page data using 3 workers ...
 ΓÜá Using edge runtime on a 
page currently disables 
static generation for that 
page
   Generating static pages using 3 workers (0/38) ...
   Generating static pages using 3 workers (9/38) 
   Generating static pages using 3 workers (18/38) 
   Generating static pages using 3 workers (28/38) 
 Γ£ô Generating static pages using 3 workers (38/38) in 1906.0ms
   Finalizing page optimization ...

Route (app)
Γöî Γùï /
Γö£ Γùï /_not-found
Γö£ Γùï /about
Γö£ Γùï /ai-guidance
Γö£ ╞Æ /api/assistant
Γö£ ╞Æ /api/auth/callback
Γö£ ╞Æ /api/chat
Γö£ ╞Æ /api/cv-enhance
Γö£ ╞Æ /api/generate-roadmap
Γö£ ╞Æ /api/health
Γö£ ╞Æ /api/incoming
Γö£ ╞Æ /api/match-careers
Γö£ ╞Æ /api/roadmaps
Γö£ ╞Æ /api/whatsapp
Γö£ Γùï /aptitude-test
Γö£ Γùï /career
Γö£ Γùï /career-test
Γö£ Γùï /careers
Γö£ ╞Æ /careers/[id]
Γö£ Γùï /cv-builder
Γö£ Γùï /dashboard
Γö£ Γùï /employers
Γö£ Γùï /faq
Γö£ Γùï /forgot-password
Γö£ Γùï /guidance
Γö£ Γùï /help
Γö£ Γùï /jobs
Γö£ Γùï /mentorship
Γö£ Γùï /menu
Γö£ Γùï /onboarding
Γö£ Γùï /opportunities
Γö£ Γùï /privacy
Γö£ Γùï /profile
Γö£ Γùï /roadmap
Γö£ Γùï /scholarships
Γö£ Γùï /sitemap.xml
Γö£ Γùï /terms
Γö£ Γùï /universities
Γö£ Γùï /user-guide
Γöö Γùï /whatsapp


Γùï  (Static)   prerendered as static content
╞Æ  (Dynamic)  server-rendered on demand

