app/career-test/page.tsx(83,44): error TS7006: Parameter 'v' implicitly has an 'any' type.
app/career-test/page.tsx(94,44): error TS7006: Parameter 'v' implicitly has an 'any' type.
app/career-test/page.tsx(105,44): error TS7006: Parameter 'v' implicitly has an 'any' type.
app/career-test/page.tsx(116,44): error TS7006: Parameter 'v' implicitly has an 'any' type.
