app/careers/page.tsx(167,12): error TS2304: Cannot find name 'Card'.
app/careers/page.tsx(172,13): error TS2304: Cannot find name 'Card'.
app/careers/page.tsx(191,12): error TS2304: Cannot find name 'Card'.
app/careers/page.tsx(197,13): error TS2304: Cannot find name 'Card'.
app/careers/page.tsx(198,12): error TS2304: Cannot find name 'Card'.
app/careers/page.tsx(204,13): error TS2304: Cannot find name 'Card'.
app/careers/page.tsx(205,12): error TS2304: Cannot find name 'Card'.
app/careers/page.tsx(211,13): error TS2304: Cannot find name 'Card'.
